#-----------------------------------------------------------
# Vivado v2019.1 (64-bit)
# SW Build 2552052 on Fri May 24 14:49:42 MDT 2019
# IP Build 2548770 on Fri May 24 18:01:18 MDT 2019
# Start of session at: Mon Dec 16 15:02:35 2019
# Process ID: 4440
# Current directory: C:/Users/maria/Desktop/trabajo_vhdl
# Command line: vivado.exe -gui_launcher_event rodinguilauncherevent11932 C:\Users\maria\Desktop\trabajo_vhdl\trabajo_vhdl.xpr
# Log file: C:/Users/maria/Desktop/trabajo_vhdl/vivado.log
# Journal file: C:/Users/maria/Desktop/trabajo_vhdl\vivado.jou
#-----------------------------------------------------------
start_gui
open_project C:/Users/maria/Desktop/trabajo_vhdl/trabajo_vhdl.xpr
update_compile_order -fileset sources_1
launch_simulation
close_project
open_project C:/Users/maria/Desktop/trabajo_vhdl/trabajo_vhdl.xpr
update_compile_order -fileset sources_1
launch_simulation
source divisor_reloj_tb.tcl
close_sim
launch_simulation
source divisor_reloj_tb.tcl
close_sim
launch_simulation
source divisor_reloj_tb.tcl
close_sim
launch_simulation
source divisor_reloj_tb.tcl
# Disabling source management mode.  This is to allow the top design properties to be set without GUI intervention.
set_property source_mgmt_mode None [current_project]
set_property top cafetera_tb [get_filesets sim_1]
set_property top_lib xil_defaultlib [get_filesets sim_1]
# Re-enabling previously disabled source management mode.
set_property source_mgmt_mode All [current_project]
update_compile_order -fileset sim_1
launch_simulation
close_sim
launch_simulation
source cafetera_tb.tcl
close_sim
launch_simulation
source cafetera_tb.tcl
close_sim
# Disabling source management mode.  This is to allow the top design properties to be set without GUI intervention.
set_property source_mgmt_mode None [current_project]
set_property top display_tb [get_filesets sim_1]
set_property top_lib xil_defaultlib [get_filesets sim_1]
# Re-enabling previously disabled source management mode.
set_property source_mgmt_mode All [current_project]
update_compile_order -fileset sim_1
launch_simulation
source display_tb.tcl
close_sim
